{
  "exclude_regex": null,
  "generated_at": "2019-01-07T06:57:54Z",
  "plugins_used": [
    {
      "base64_limit": 4.5,
      "name": "Base64HighEntropyString"
    },
    {
      "name": "BasicAuthDetector"
    },
    {
      "hex_limit": 3,
      "name": "HexHighEntropyString"
    },
    {
      "name": "PrivateKeyDetector"
    },
    {
      "name": "SlackDetector"
    }
  ],
  "results": {
    ".travis.yml": [
      {
        "hashed_secret": "e8062e6ee138265962ee8593d680b642442d5bfc",
        "line_number": 25,
        "type": "Base64 High Entropy String"
      }
    ],
    "_posts/2015/2015-04-29-using-http-adapters-to-access-watson-question-and-answer-service-at-ibm-bluemix.html": [
      {
        "hashed_secret": "17130ed6fb930a6bf2e9896f06309e35a317d5cb",
        "line_number": 96,
        "type": "Hex High Entropy String"
      }
    ],
    "_posts/2015/2015-12-20-mfp-performance-testing-session-independent-mode.md": [
      {
        "hashed_secret": "e292b96b7256efd873ed685e2d2d649febc71370",
        "line_number": 72,
        "type": "Hex High Entropy String"
      }
    ],
    "_posts/2016/2016-02-05-migrating-from-parse-to-bluemix.md": [
      {
        "hashed_secret": "e38ad214943daad1d64c102faec29de4afe9da3d",
        "line_number": 98,
        "type": "Basic Auth Credentials"
      }
    ],
    "_posts/2017/2017-05-09-beacon-support-in-mobilefirst-foundation-service.md": [
      {
        "hashed_secret": "84bfd3f43273877273643d54edb7d80ada60aa40",
        "line_number": 82,
        "type": "Hex High Entropy String"
      }
    ],
    "api-ref/rest-push-api-docs/html/refrest-push-service-api-docs/html/push_service.html": [
      {
        "hashed_secret": "f15df3826c56b23c22a18826a21a7dbe1ed52fcb",
        "line_number": 1617,
        "type": "Base64 High Entropy String"
      }
    ],
    "api-ref/rest-push-api-docs/html/refrest-push-service-api-docs/html/r_restapi_push_wns_settings_get.html": [
      {
        "hashed_secret": "f15df3826c56b23c22a18826a21a7dbe1ed52fcb",
        "line_number": 97,
        "type": "Base64 High Entropy String"
      }
    ],
    "api-ref/rest-push-api-docs/html/refrest-push-service-api-docs/html/r_restapi_push_wns_settings_put.html": [
      {
        "hashed_secret": "f15df3826c56b23c22a18826a21a7dbe1ed52fcb",
        "line_number": 139,
        "type": "Base64 High Entropy String"
      }
    ],
    "build/buildElastic.sh": [
      {
        "hashed_secret": "7106eeb30786a734ca5444ff4ade94298495a914",
        "line_number": 28,
        "type": "Basic Auth Credentials"
      }
    ],
    "lib/elasticsearch-js/elasticsearch.jquery.js": [
      {
        "hashed_secret": "0953df544832295e4a5b19928f95c351f25da86a",
        "line_number": 1562,
        "type": "Base64 High Entropy String"
      }
    ],
    "lib/elasticsearch-js/elasticsearch.jquery.min.js": [
      {
        "hashed_secret": "0953df544832295e4a5b19928f95c351f25da86a",
        "line_number": 7,
        "type": "Base64 High Entropy String"
      }
    ],
    "tutorials/de/foundation/8.0/administering-apps/using-ant/index.md": [
      {
        "hashed_secret": "79551b6bad59f5793b85467ffea60cf1a62c9a04",
        "line_number": 1107,
        "type": "Hex High Entropy String"
      }
    ],
    "tutorials/en/foundation/8.0/administering-apps/using-ant/index.md": [
      {
        "hashed_secret": "79551b6bad59f5793b85467ffea60cf1a62c9a04",
        "line_number": 991,
        "type": "Hex High Entropy String"
      }
    ],
    "tutorials/es/foundation/8.0/administering-apps/using-ant/index.md": [
      {
        "hashed_secret": "79551b6bad59f5793b85467ffea60cf1a62c9a04",
        "line_number": 991,
        "type": "Hex High Entropy String"
      }
    ],
    "tutorials/fr/foundation/8.0/administering-apps/using-ant/index.md": [
      {
        "hashed_secret": "79551b6bad59f5793b85467ffea60cf1a62c9a04",
        "line_number": 991,
        "type": "Hex High Entropy String"
      }
    ],
    "tutorials/it/foundation/8.0/administering-apps/using-ant/index.md": [
      {
        "hashed_secret": "79551b6bad59f5793b85467ffea60cf1a62c9a04",
        "line_number": 991,
        "type": "Hex High Entropy String"
      }
    ],
    "tutorials/ja/foundation/8.0/administering-apps/using-ant/index.md": [
      {
        "hashed_secret": "79551b6bad59f5793b85467ffea60cf1a62c9a04",
        "line_number": 991,
        "type": "Hex High Entropy String"
      }
    ],
    "tutorials/ko/foundation/8.0/administering-apps/using-ant/index.md": [
      {
        "hashed_secret": "79551b6bad59f5793b85467ffea60cf1a62c9a04",
        "line_number": 991,
        "type": "Hex High Entropy String"
      }
    ],
    "tutorials/pt-br/foundation/8.0/administering-apps/using-ant/index.md": [
      {
        "hashed_secret": "79551b6bad59f5793b85467ffea60cf1a62c9a04",
        "line_number": 991,
        "type": "Hex High Entropy String"
      }
    ],
    "tutorials/ru/foundation/8.0/administering-apps/using-ant/index.md": [
      {
        "hashed_secret": "79551b6bad59f5793b85467ffea60cf1a62c9a04",
        "line_number": 991,
        "type": "Hex High Entropy String"
      }
    ],
    "tutorials/zh-hans/foundation/8.0/administering-apps/using-ant/index.md": [
      {
        "hashed_secret": "79551b6bad59f5793b85467ffea60cf1a62c9a04",
        "line_number": 997,
        "type": "Hex High Entropy String"
      }
    ]
  },
  "version": "0.10.3"
}
